#! /c/Source/iverilog-install/bin/vvp
:ivl_version "12.0 (devel)" "(s20150603-1539-g2693dd32b)";
:ivl_delay_selection "TYPICAL";
:vpi_time_precision - 12;
:vpi_module "C:\iverilog\lib\ivl\system.vpi";
:vpi_module "C:\iverilog\lib\ivl\vhdl_sys.vpi";
:vpi_module "C:\iverilog\lib\ivl\vhdl_textio.vpi";
:vpi_module "C:\iverilog\lib\ivl\v2005_math.vpi";
:vpi_module "C:\iverilog\lib\ivl\va_math.vpi";
S_000001ae4c51e250 .scope module, "adder" "adder" 2 161;
 .timescale 0 0;
    .port_info 0 /INPUT 32 "in_1";
    .port_info 1 /INPUT 32 "in_2";
    .port_info 2 /OUTPUT 32 "sum_out";
o000001ae4c52be68 .functor BUFZ 32, C4<zzzzzzzzzzzzzzzzzzzzzzzzzzzzzzzz>; HiZ drive
v000001ae4c522fa0_0 .net "in_1", 31 0, o000001ae4c52be68;  0 drivers
o000001ae4c52be98 .functor BUFZ 32, C4<zzzzzzzzzzzzzzzzzzzzzzzzzzzzzzzz>; HiZ drive
v000001ae4c523c20_0 .net "in_2", 31 0, o000001ae4c52be98;  0 drivers
v000001ae4c523040_0 .net "sum_out", 31 0, L_000001ae4c585120;  1 drivers
L_000001ae4c585120 .arith/sum 32, o000001ae4c52be68, o000001ae4c52be98;
S_000001ae4c5130a0 .scope module, "mux3" "mux3" 2 155;
 .timescale 0 0;
    .port_info 0 /INPUT 1 "sel3";
    .port_info 1 /INPUT 32 "a3";
    .port_info 2 /INPUT 32 "b3";
    .port_info 3 /OUTPUT 32 "mux3_out";
o000001ae4c52c078 .functor BUFZ 1, C4<z>; HiZ drive
L_000001ae4c5b0088 .functor BUFT 1, C4<0>, C4<0>, C4<0>, C4<0>;
L_000001ae4c513650 .functor XNOR 1, o000001ae4c52c078, L_000001ae4c5b0088, C4<0>, C4<0>;
v000001ae4c523220_0 .net/2u *"_ivl_0", 0 0, L_000001ae4c5b0088;  1 drivers
v000001ae4c5234a0_0 .net *"_ivl_2", 0 0, L_000001ae4c513650;  1 drivers
o000001ae4c52bfe8 .functor BUFZ 32, C4<zzzzzzzzzzzzzzzzzzzzzzzzzzzzzzzz>; HiZ drive
v000001ae4c5239a0_0 .net "a3", 31 0, o000001ae4c52bfe8;  0 drivers
o000001ae4c52c018 .functor BUFZ 32, C4<zzzzzzzzzzzzzzzzzzzzzzzzzzzzzzzz>; HiZ drive
v000001ae4c523540_0 .net "b3", 31 0, o000001ae4c52c018;  0 drivers
v000001ae4c523680_0 .net "mux3_out", 31 0, L_000001ae4c584b80;  1 drivers
v000001ae4c5237c0_0 .net "sel3", 0 0, o000001ae4c52c078;  0 drivers
L_000001ae4c584b80 .functor MUXZ 32, o000001ae4c52c018, o000001ae4c52bfe8, L_000001ae4c513650, C4<>;
S_000001ae4c513230 .scope module, "tb_top" "tb_top" 3 3;
 .timescale -9 -12;
v000001ae4c5853a0_0 .var "clk", 0 0;
v000001ae4c584f40_0 .var "reset", 0 0;
S_000001ae4c4f6fd0 .scope module, "uut" "top_module" 3 9, 2 167 0, S_000001ae4c513230;
 .timescale 0 0;
    .port_info 0 /INPUT 1 "clk";
    .port_info 1 /INPUT 1 "reset";
L_000001ae4c513810 .functor BUFZ 32, L_000001ae4c584d60, C4<00000000000000000000000000000000>, C4<00000000000000000000000000000000>, C4<00000000000000000000000000000000>;
v000001ae4c585760_0 .net "alu_control_out", 3 0, v000001ae4c583a70_0;  1 drivers
v000001ae4c585bc0_0 .net "alu_in2", 31 0, L_000001ae4c5862a0;  1 drivers
v000001ae4c584e00_0 .net "alu_result", 31 0, v000001ae4c5834d0_0;  1 drivers
v000001ae4c5863e0_0 .net "aluop", 1 0, v000001ae4c583ed0_0;  1 drivers
v000001ae4c5856c0_0 .net "alusrc", 0 0, v000001ae4c583c50_0;  1 drivers
v000001ae4c5847c0_0 .net "branch", 0 0, v000001ae4c583cf0_0;  1 drivers
v000001ae4c586520_0 .net "clk", 0 0, v000001ae4c5853a0_0;  1 drivers
v000001ae4c585d00_0 .net "imm_out", 31 0, v000001ae4c5841f0_0;  1 drivers
v000001ae4c5860c0_0 .net "instruction", 31 0, v000001ae4c582a30_0;  1 drivers
v000001ae4c584cc0_0 .net "memread", 0 0, v000001ae4c583d90_0;  1 drivers
v000001ae4c584ae0_0 .net "memtoreg", 0 0, v000001ae4c584150_0;  1 drivers
v000001ae4c584860_0 .net "memwrite", 0 0, v000001ae4c5840b0_0;  1 drivers
v000001ae4c585e40_0 .net "pc_current", 31 0, v000001ae4c583250_0;  1 drivers
v000001ae4c584fe0_0 .net "pc_next", 31 0, L_000001ae4c513810;  1 drivers
v000001ae4c585b20_0 .net "pc_plus4_out", 31 0, L_000001ae4c584d60;  1 drivers
v000001ae4c584900_0 .net "read_data1", 31 0, L_000001ae4c513730;  1 drivers
v000001ae4c585300_0 .net "read_data2", 31 0, L_000001ae4c514450;  1 drivers
v000001ae4c585800_0 .net "regwrite", 0 0, v000001ae4c584470_0;  1 drivers
v000001ae4c5858a0_0 .net "reset", 0 0, v000001ae4c584f40_0;  1 drivers
v000001ae4c584a40_0 .net "write_data", 31 0, L_000001ae4c586340;  1 drivers
v000001ae4c5859e0_0 .net "zero", 0 0, v000001ae4c582c10_0;  1 drivers
L_000001ae4c585620 .part v000001ae4c582a30_0, 0, 7;
L_000001ae4c585440 .part v000001ae4c582a30_0, 15, 5;
L_000001ae4c5854e0 .part v000001ae4c582a30_0, 20, 5;
L_000001ae4c585ee0 .part v000001ae4c582a30_0, 7, 5;
L_000001ae4c585580 .part v000001ae4c582a30_0, 0, 7;
L_000001ae4c586160 .part v000001ae4c582a30_0, 30, 1;
L_000001ae4c586200 .part v000001ae4c582a30_0, 12, 3;
S_000001ae4c4f7160 .scope module, "ALU" "alu_unit" 2 267, 2 103 0, S_000001ae4c4f6fd0;
 .timescale 0 0;
    .port_info 0 /INPUT 32 "A";
    .port_info 1 /INPUT 32 "B";
    .port_info 2 /INPUT 4 "control_in";
    .port_info 3 /OUTPUT 32 "alu_result";
    .port_info 4 /OUTPUT 1 "zero";
v000001ae4c583930_0 .net "A", 31 0, L_000001ae4c513730;  alias, 1 drivers
v000001ae4c5837f0_0 .net "B", 31 0, L_000001ae4c5862a0;  alias, 1 drivers
v000001ae4c5834d0_0 .var "alu_result", 31 0;
v000001ae4c5836b0_0 .net "control_in", 3 0, v000001ae4c583a70_0;  alias, 1 drivers
v000001ae4c582c10_0 .var "zero", 0 0;
E_000001ae4c522c20 .event anyedge, v000001ae4c5836b0_0, v000001ae4c583930_0, v000001ae4c5837f0_0, v000001ae4c5834d0_0;
S_000001ae4c4f6040 .scope module, "ALUCTRL" "alucontrol" 2 251, 2 121 0, S_000001ae4c4f6fd0;
 .timescale 0 0;
    .port_info 0 /INPUT 2 "aluop";
    .port_info 1 /INPUT 1 "func7";
    .port_info 2 /INPUT 3 "func3";
    .port_info 3 /OUTPUT 4 "control_out";
v000001ae4c583570_0 .net "aluop", 1 0, v000001ae4c583ed0_0;  alias, 1 drivers
v000001ae4c583a70_0 .var "control_out", 3 0;
v000001ae4c583750_0 .net "func3", 2 0, L_000001ae4c586200;  1 drivers
v000001ae4c5839d0_0 .net "func7", 0 0, L_000001ae4c586160;  1 drivers
E_000001ae4c5220e0 .event anyedge, v000001ae4c583570_0, v000001ae4c5839d0_0, v000001ae4c583750_0;
S_000001ae4c4f61d0 .scope module, "ALU_SRC_MUX" "mux1" 2 259, 2 141 0, S_000001ae4c4f6fd0;
 .timescale 0 0;
    .port_info 0 /INPUT 1 "sel1";
    .port_info 1 /INPUT 32 "a1";
    .port_info 2 /INPUT 32 "b1";
    .port_info 3 /OUTPUT 32 "mux1_out";
L_000001ae4c5b01a8 .functor BUFT 1, C4<0>, C4<0>, C4<0>, C4<0>;
L_000001ae4c513570 .functor XNOR 1, v000001ae4c583c50_0, L_000001ae4c5b01a8, C4<0>, C4<0>;
v000001ae4c583b10_0 .net/2u *"_ivl_0", 0 0, L_000001ae4c5b01a8;  1 drivers
v000001ae4c583110_0 .net *"_ivl_2", 0 0, L_000001ae4c513570;  1 drivers
v000001ae4c5832f0_0 .net "a1", 31 0, L_000001ae4c514450;  alias, 1 drivers
v000001ae4c584010_0 .net "b1", 31 0, v000001ae4c5841f0_0;  alias, 1 drivers
v000001ae4c583890_0 .net "mux1_out", 31 0, L_000001ae4c5862a0;  alias, 1 drivers
v000001ae4c583bb0_0 .net "sel1", 0 0, v000001ae4c583c50_0;  alias, 1 drivers
L_000001ae4c5862a0 .functor MUXZ 32, v000001ae4c5841f0_0, L_000001ae4c514450, L_000001ae4c513570, C4<>;
S_000001ae4c510e20 .scope module, "CU" "controlunit" 2 219, 2 87 0, S_000001ae4c4f6fd0;
 .timescale 0 0;
    .port_info 0 /INPUT 7 "opcode";
    .port_info 1 /OUTPUT 1 "branch";
    .port_info 2 /OUTPUT 1 "memread";
    .port_info 3 /OUTPUT 1 "memtoreg";
    .port_info 4 /OUTPUT 2 "aluop";
    .port_info 5 /OUTPUT 1 "memwrite";
    .port_info 6 /OUTPUT 1 "alusrc";
    .port_info 7 /OUTPUT 1 "regwrite";
v000001ae4c583ed0_0 .var "aluop", 1 0;
v000001ae4c583c50_0 .var "alusrc", 0 0;
v000001ae4c583cf0_0 .var "branch", 0 0;
v000001ae4c583d90_0 .var "memread", 0 0;
v000001ae4c584150_0 .var "memtoreg", 0 0;
v000001ae4c5840b0_0 .var "memwrite", 0 0;
v000001ae4c582990_0 .net "opcode", 6 0, L_000001ae4c585620;  1 drivers
v000001ae4c584470_0 .var "regwrite", 0 0;
E_000001ae4c522320 .event anyedge, v000001ae4c582990_0;
S_000001ae4c510fb0 .scope module, "IG" "immgen" 2 244, 2 72 0, S_000001ae4c4f6fd0;
 .timescale 0 0;
    .port_info 0 /INPUT 7 "opcode";
    .port_info 1 /INPUT 32 "instruction_out";
    .port_info 2 /OUTPUT 32 "immediate_out";
v000001ae4c5841f0_0 .var "immediate_out", 31 0;
v000001ae4c582b70_0 .net "instruction_out", 31 0, v000001ae4c582a30_0;  alias, 1 drivers
v000001ae4c583f70_0 .net "opcode", 6 0, L_000001ae4c585580;  1 drivers
E_000001ae4c522520 .event anyedge, v000001ae4c583f70_0, v000001ae4c582b70_0;
S_000001ae4c5108f0 .scope module, "IM" "instruction_memory" 2 213, 2 21 0, S_000001ae4c4f6fd0;
 .timescale 0 0;
    .port_info 0 /INPUT 32 "read_addr";
    .port_info 1 /OUTPUT 32 "instruction_out";
v000001ae4c5828f0_0 .var/i "i", 31 0;
v000001ae4c582a30_0 .var "instruction_out", 31 0;
v000001ae4c5827b0 .array "memory", 0 63, 31 0;
v000001ae4c582850_0 .net "read_addr", 31 0, v000001ae4c583250_0;  alias, 1 drivers
v000001ae4c5827b0_0 .array/port v000001ae4c5827b0, 0;
v000001ae4c5827b0_1 .array/port v000001ae4c5827b0, 1;
v000001ae4c5827b0_2 .array/port v000001ae4c5827b0, 2;
E_000001ae4c5225e0/0 .event anyedge, v000001ae4c582850_0, v000001ae4c5827b0_0, v000001ae4c5827b0_1, v000001ae4c5827b0_2;
v000001ae4c5827b0_3 .array/port v000001ae4c5827b0, 3;
v000001ae4c5827b0_4 .array/port v000001ae4c5827b0, 4;
v000001ae4c5827b0_5 .array/port v000001ae4c5827b0, 5;
v000001ae4c5827b0_6 .array/port v000001ae4c5827b0, 6;
E_000001ae4c5225e0/1 .event anyedge, v000001ae4c5827b0_3, v000001ae4c5827b0_4, v000001ae4c5827b0_5, v000001ae4c5827b0_6;
v000001ae4c5827b0_7 .array/port v000001ae4c5827b0, 7;
v000001ae4c5827b0_8 .array/port v000001ae4c5827b0, 8;
v000001ae4c5827b0_9 .array/port v000001ae4c5827b0, 9;
v000001ae4c5827b0_10 .array/port v000001ae4c5827b0, 10;
E_000001ae4c5225e0/2 .event anyedge, v000001ae4c5827b0_7, v000001ae4c5827b0_8, v000001ae4c5827b0_9, v000001ae4c5827b0_10;
v000001ae4c5827b0_11 .array/port v000001ae4c5827b0, 11;
v000001ae4c5827b0_12 .array/port v000001ae4c5827b0, 12;
v000001ae4c5827b0_13 .array/port v000001ae4c5827b0, 13;
v000001ae4c5827b0_14 .array/port v000001ae4c5827b0, 14;
E_000001ae4c5225e0/3 .event anyedge, v000001ae4c5827b0_11, v000001ae4c5827b0_12, v000001ae4c5827b0_13, v000001ae4c5827b0_14;
v000001ae4c5827b0_15 .array/port v000001ae4c5827b0, 15;
v000001ae4c5827b0_16 .array/port v000001ae4c5827b0, 16;
v000001ae4c5827b0_17 .array/port v000001ae4c5827b0, 17;
v000001ae4c5827b0_18 .array/port v000001ae4c5827b0, 18;
E_000001ae4c5225e0/4 .event anyedge, v000001ae4c5827b0_15, v000001ae4c5827b0_16, v000001ae4c5827b0_17, v000001ae4c5827b0_18;
v000001ae4c5827b0_19 .array/port v000001ae4c5827b0, 19;
v000001ae4c5827b0_20 .array/port v000001ae4c5827b0, 20;
v000001ae4c5827b0_21 .array/port v000001ae4c5827b0, 21;
v000001ae4c5827b0_22 .array/port v000001ae4c5827b0, 22;
E_000001ae4c5225e0/5 .event anyedge, v000001ae4c5827b0_19, v000001ae4c5827b0_20, v000001ae4c5827b0_21, v000001ae4c5827b0_22;
v000001ae4c5827b0_23 .array/port v000001ae4c5827b0, 23;
v000001ae4c5827b0_24 .array/port v000001ae4c5827b0, 24;
v000001ae4c5827b0_25 .array/port v000001ae4c5827b0, 25;
v000001ae4c5827b0_26 .array/port v000001ae4c5827b0, 26;
E_000001ae4c5225e0/6 .event anyedge, v000001ae4c5827b0_23, v000001ae4c5827b0_24, v000001ae4c5827b0_25, v000001ae4c5827b0_26;
v000001ae4c5827b0_27 .array/port v000001ae4c5827b0, 27;
v000001ae4c5827b0_28 .array/port v000001ae4c5827b0, 28;
v000001ae4c5827b0_29 .array/port v000001ae4c5827b0, 29;
v000001ae4c5827b0_30 .array/port v000001ae4c5827b0, 30;
E_000001ae4c5225e0/7 .event anyedge, v000001ae4c5827b0_27, v000001ae4c5827b0_28, v000001ae4c5827b0_29, v000001ae4c5827b0_30;
v000001ae4c5827b0_31 .array/port v000001ae4c5827b0, 31;
v000001ae4c5827b0_32 .array/port v000001ae4c5827b0, 32;
v000001ae4c5827b0_33 .array/port v000001ae4c5827b0, 33;
v000001ae4c5827b0_34 .array/port v000001ae4c5827b0, 34;
E_000001ae4c5225e0/8 .event anyedge, v000001ae4c5827b0_31, v000001ae4c5827b0_32, v000001ae4c5827b0_33, v000001ae4c5827b0_34;
v000001ae4c5827b0_35 .array/port v000001ae4c5827b0, 35;
v000001ae4c5827b0_36 .array/port v000001ae4c5827b0, 36;
v000001ae4c5827b0_37 .array/port v000001ae4c5827b0, 37;
v000001ae4c5827b0_38 .array/port v000001ae4c5827b0, 38;
E_000001ae4c5225e0/9 .event anyedge, v000001ae4c5827b0_35, v000001ae4c5827b0_36, v000001ae4c5827b0_37, v000001ae4c5827b0_38;
v000001ae4c5827b0_39 .array/port v000001ae4c5827b0, 39;
v000001ae4c5827b0_40 .array/port v000001ae4c5827b0, 40;
v000001ae4c5827b0_41 .array/port v000001ae4c5827b0, 41;
v000001ae4c5827b0_42 .array/port v000001ae4c5827b0, 42;
E_000001ae4c5225e0/10 .event anyedge, v000001ae4c5827b0_39, v000001ae4c5827b0_40, v000001ae4c5827b0_41, v000001ae4c5827b0_42;
v000001ae4c5827b0_43 .array/port v000001ae4c5827b0, 43;
v000001ae4c5827b0_44 .array/port v000001ae4c5827b0, 44;
v000001ae4c5827b0_45 .array/port v000001ae4c5827b0, 45;
v000001ae4c5827b0_46 .array/port v000001ae4c5827b0, 46;
E_000001ae4c5225e0/11 .event anyedge, v000001ae4c5827b0_43, v000001ae4c5827b0_44, v000001ae4c5827b0_45, v000001ae4c5827b0_46;
v000001ae4c5827b0_47 .array/port v000001ae4c5827b0, 47;
v000001ae4c5827b0_48 .array/port v000001ae4c5827b0, 48;
v000001ae4c5827b0_49 .array/port v000001ae4c5827b0, 49;
v000001ae4c5827b0_50 .array/port v000001ae4c5827b0, 50;
E_000001ae4c5225e0/12 .event anyedge, v000001ae4c5827b0_47, v000001ae4c5827b0_48, v000001ae4c5827b0_49, v000001ae4c5827b0_50;
v000001ae4c5827b0_51 .array/port v000001ae4c5827b0, 51;
v000001ae4c5827b0_52 .array/port v000001ae4c5827b0, 52;
v000001ae4c5827b0_53 .array/port v000001ae4c5827b0, 53;
v000001ae4c5827b0_54 .array/port v000001ae4c5827b0, 54;
E_000001ae4c5225e0/13 .event anyedge, v000001ae4c5827b0_51, v000001ae4c5827b0_52, v000001ae4c5827b0_53, v000001ae4c5827b0_54;
v000001ae4c5827b0_55 .array/port v000001ae4c5827b0, 55;
v000001ae4c5827b0_56 .array/port v000001ae4c5827b0, 56;
v000001ae4c5827b0_57 .array/port v000001ae4c5827b0, 57;
v000001ae4c5827b0_58 .array/port v000001ae4c5827b0, 58;
E_000001ae4c5225e0/14 .event anyedge, v000001ae4c5827b0_55, v000001ae4c5827b0_56, v000001ae4c5827b0_57, v000001ae4c5827b0_58;
v000001ae4c5827b0_59 .array/port v000001ae4c5827b0, 59;
v000001ae4c5827b0_60 .array/port v000001ae4c5827b0, 60;
v000001ae4c5827b0_61 .array/port v000001ae4c5827b0, 61;
v000001ae4c5827b0_62 .array/port v000001ae4c5827b0, 62;
E_000001ae4c5225e0/15 .event anyedge, v000001ae4c5827b0_59, v000001ae4c5827b0_60, v000001ae4c5827b0_61, v000001ae4c5827b0_62;
v000001ae4c5827b0_63 .array/port v000001ae4c5827b0, 63;
E_000001ae4c5225e0/16 .event anyedge, v000001ae4c5827b0_63;
E_000001ae4c5225e0 .event/or E_000001ae4c5225e0/0, E_000001ae4c5225e0/1, E_000001ae4c5225e0/2, E_000001ae4c5225e0/3, E_000001ae4c5225e0/4, E_000001ae4c5225e0/5, E_000001ae4c5225e0/6, E_000001ae4c5225e0/7, E_000001ae4c5225e0/8, E_000001ae4c5225e0/9, E_000001ae4c5225e0/10, E_000001ae4c5225e0/11, E_000001ae4c5225e0/12, E_000001ae4c5225e0/13, E_000001ae4c5225e0/14, E_000001ae4c5225e0/15, E_000001ae4c5225e0/16;
S_000001ae4c50edb0 .scope module, "PC" "program_counter" 2 198, 2 1 0, S_000001ae4c4f6fd0;
 .timescale 0 0;
    .port_info 0 /INPUT 1 "clk";
    .port_info 1 /INPUT 1 "reset";
    .port_info 2 /INPUT 32 "pc_in";
    .port_info 3 /OUTPUT 32 "pc_out";
v000001ae4c583070_0 .net "clk", 0 0, v000001ae4c5853a0_0;  alias, 1 drivers
v000001ae4c582ad0_0 .net "pc_in", 31 0, L_000001ae4c513810;  alias, 1 drivers
v000001ae4c583250_0 .var "pc_out", 31 0;
v000001ae4c5831b0_0 .net "reset", 0 0, v000001ae4c584f40_0;  alias, 1 drivers
E_000001ae4c521a60 .event posedge, v000001ae4c5831b0_0, v000001ae4c583070_0;
S_000001ae4c509370 .scope module, "PC4" "pc_plus4" 2 206, 2 15 0, S_000001ae4c4f6fd0;
 .timescale 0 0;
    .port_info 0 /INPUT 32 "from_pc";
    .port_info 1 /OUTPUT 32 "to_pc";
L_000001ae4c5b00d0 .functor BUFT 1, C4<00000000000000000000000000000100>, C4<0>, C4<0>, C4<0>;
v000001ae4c583e30_0 .net/2u *"_ivl_0", 31 0, L_000001ae4c5b00d0;  1 drivers
v000001ae4c582cb0_0 .net "from_pc", 31 0, v000001ae4c583250_0;  alias, 1 drivers
v000001ae4c584290_0 .net "to_pc", 31 0, L_000001ae4c584d60;  alias, 1 drivers
L_000001ae4c584d60 .arith/sum 32, L_000001ae4c5b00d0, v000001ae4c583250_0;
S_000001ae4c509500 .scope module, "RF" "registerfile" 2 231, 2 46 0, S_000001ae4c4f6fd0;
 .timescale 0 0;
    .port_info 0 /INPUT 1 "clk";
    .port_info 1 /INPUT 1 "reset";
    .port_info 2 /INPUT 1 "regwrite";
    .port_info 3 /INPUT 5 "rs1";
    .port_info 4 /INPUT 5 "rs2";
    .port_info 5 /INPUT 5 "rd";
    .port_info 6 /INPUT 32 "write_data";
    .port_info 7 /OUTPUT 32 "read_data1";
    .port_info 8 /OUTPUT 32 "read_data2";
L_000001ae4c513730 .functor BUFZ 32, L_000001ae4c585c60, C4<00000000000000000000000000000000>, C4<00000000000000000000000000000000>, C4<00000000000000000000000000000000>;
L_000001ae4c514450 .functor BUFZ 32, L_000001ae4c5851c0, C4<00000000000000000000000000000000>, C4<00000000000000000000000000000000>, C4<00000000000000000000000000000000>;
v000001ae4c582d50_0 .net *"_ivl_0", 31 0, L_000001ae4c585c60;  1 drivers
v000001ae4c584330_0 .net *"_ivl_10", 6 0, L_000001ae4c585260;  1 drivers
L_000001ae4c5b0160 .functor BUFT 1, C4<00>, C4<0>, C4<0>, C4<0>;
v000001ae4c5843d0_0 .net *"_ivl_13", 1 0, L_000001ae4c5b0160;  1 drivers
v000001ae4c582df0_0 .net *"_ivl_2", 6 0, L_000001ae4c586480;  1 drivers
L_000001ae4c5b0118 .functor BUFT 1, C4<00>, C4<0>, C4<0>, C4<0>;
v000001ae4c582fd0_0 .net *"_ivl_5", 1 0, L_000001ae4c5b0118;  1 drivers
v000001ae4c583390_0 .net *"_ivl_8", 31 0, L_000001ae4c5851c0;  1 drivers
v000001ae4c584510_0 .net "clk", 0 0, v000001ae4c5853a0_0;  alias, 1 drivers
v000001ae4c5845b0_0 .var/i "k", 31 0;
v000001ae4c582e90_0 .net "rd", 4 0, L_000001ae4c585ee0;  1 drivers
v000001ae4c582f30_0 .net "read_data1", 31 0, L_000001ae4c513730;  alias, 1 drivers
v000001ae4c584650_0 .net "read_data2", 31 0, L_000001ae4c514450;  alias, 1 drivers
v000001ae4c583430 .array "registers", 0 31, 31 0;
v000001ae4c586020_0 .net "regwrite", 0 0, v000001ae4c584470_0;  alias, 1 drivers
v000001ae4c585da0_0 .net "reset", 0 0, v000001ae4c584f40_0;  alias, 1 drivers
v000001ae4c5865c0_0 .net "rs1", 4 0, L_000001ae4c585440;  1 drivers
v000001ae4c584c20_0 .net "rs2", 4 0, L_000001ae4c5854e0;  1 drivers
v000001ae4c585a80_0 .net "write_data", 31 0, L_000001ae4c586340;  alias, 1 drivers
L_000001ae4c585c60 .array/port v000001ae4c583430, L_000001ae4c586480;
L_000001ae4c586480 .concat [ 5 2 0 0], L_000001ae4c585440, L_000001ae4c5b0118;
L_000001ae4c5851c0 .array/port v000001ae4c583430, L_000001ae4c585260;
L_000001ae4c585260 .concat [ 5 2 0 0], L_000001ae4c5854e0, L_000001ae4c5b0160;
S_000001ae4c506380 .scope module, "WB_MUX" "mux2" 2 276, 2 148 0, S_000001ae4c4f6fd0;
 .timescale 0 0;
    .port_info 0 /INPUT 1 "sel2";
    .port_info 1 /INPUT 32 "a2";
    .port_info 2 /INPUT 32 "b2";
    .port_info 3 /OUTPUT 32 "mux2_out";
L_000001ae4c5b01f0 .functor BUFT 1, C4<0>, C4<0>, C4<0>, C4<0>;
L_000001ae4c5137a0 .functor XNOR 1, v000001ae4c584150_0, L_000001ae4c5b01f0, C4<0>, C4<0>;
v000001ae4c584ea0_0 .net/2u *"_ivl_0", 0 0, L_000001ae4c5b01f0;  1 drivers
v000001ae4c585080_0 .net *"_ivl_2", 0 0, L_000001ae4c5137a0;  1 drivers
v000001ae4c585f80_0 .net "a2", 31 0, v000001ae4c5834d0_0;  alias, 1 drivers
L_000001ae4c5b0238 .functor BUFT 1, C4<00000000000000000000000000000000>, C4<0>, C4<0>, C4<0>;
v000001ae4c586660_0 .net "b2", 31 0, L_000001ae4c5b0238;  1 drivers
v000001ae4c585940_0 .net "mux2_out", 31 0, L_000001ae4c586340;  alias, 1 drivers
v000001ae4c5849a0_0 .net "sel2", 0 0, v000001ae4c584150_0;  alias, 1 drivers
L_000001ae4c586340 .functor MUXZ 32, L_000001ae4c5b0238, v000001ae4c5834d0_0, L_000001ae4c5137a0, C4<>;
    .scope S_000001ae4c50edb0;
T_0 ;
    %wait E_000001ae4c521a60;
    %load/vec4 v000001ae4c5831b0_0;
    %flag_set/vec4 8;
    %jmp/0xz  T_0.0, 8;
    %pushi/vec4 0, 0, 32;
    %assign/vec4 v000001ae4c583250_0, 0;
    %jmp T_0.1;
T_0.0 ;
    %load/vec4 v000001ae4c582ad0_0;
    %assign/vec4 v000001ae4c583250_0, 0;
T_0.1 ;
    %jmp T_0;
    .thread T_0;
    .scope S_000001ae4c5108f0;
T_1 ;
    %pushi/vec4 0, 0, 32;
    %store/vec4 v000001ae4c5828f0_0, 0, 32;
T_1.0 ;
    %load/vec4 v000001ae4c5828f0_0;
    %cmpi/s 64, 0, 32;
    %jmp/0xz T_1.1, 5;
    %pushi/vec4 0, 0, 32;
    %ix/getv/s 4, v000001ae4c5828f0_0;
    %store/vec4a v000001ae4c5827b0, 4, 0;
    %load/vec4 v000001ae4c5828f0_0;
    %addi 1, 0, 32;
    %store/vec4 v000001ae4c5828f0_0, 0, 32;
    %jmp T_1.0;
T_1.1 ;
    %pushi/vec4 2130355, 0, 32;
    %ix/load 4, 0, 0;
    %flag_set/imm 4, 0;
    %store/vec4a v000001ae4c5827b0, 4, 0;
    %pushi/vec4 1075872307, 0, 32;
    %ix/load 4, 1, 0;
    %flag_set/imm 4, 0;
    %store/vec4a v000001ae4c5827b0, 4, 0;
    %pushi/vec4 2159283, 0, 32;
    %ix/load 4, 2, 0;
    %flag_set/imm 4, 0;
    %store/vec4a v000001ae4c5827b0, 4, 0;
    %pushi/vec4 2155315, 0, 32;
    %ix/load 4, 3, 0;
    %flag_set/imm 4, 0;
    %store/vec4a v000001ae4c5827b0, 4, 0;
    %end;
    .thread T_1;
    .scope S_000001ae4c5108f0;
T_2 ;
    %wait E_000001ae4c5225e0;
    %load/vec4 v000001ae4c582850_0;
    %parti/s 6, 2, 3;
    %pad/u 8;
    %ix/vec4 4;
    %load/vec4a v000001ae4c5827b0, 4;
    %store/vec4 v000001ae4c582a30_0, 0, 32;
    %jmp T_2;
    .thread T_2, $push;
    .scope S_000001ae4c510e20;
T_3 ;
    %wait E_000001ae4c522320;
    %load/vec4 v000001ae4c582990_0;
    %dup/vec4;
    %pushi/vec4 51, 0, 7;
    %cmp/u;
    %jmp/1 T_3.0, 6;
    %dup/vec4;
    %pushi/vec4 3, 0, 7;
    %cmp/u;
    %jmp/1 T_3.1, 6;
    %dup/vec4;
    %pushi/vec4 35, 0, 7;
    %cmp/u;
    %jmp/1 T_3.2, 6;
    %dup/vec4;
    %pushi/vec4 19, 0, 7;
    %cmp/u;
    %jmp/1 T_3.3, 6;
    %pushi/vec4 0, 0, 8;
    %split/vec4 2;
    %store/vec4 v000001ae4c583ed0_0, 0, 2;
    %split/vec4 1;
    %store/vec4 v000001ae4c583cf0_0, 0, 1;
    %split/vec4 1;
    %store/vec4 v000001ae4c5840b0_0, 0, 1;
    %split/vec4 1;
    %store/vec4 v000001ae4c583d90_0, 0, 1;
    %split/vec4 1;
    %store/vec4 v000001ae4c584470_0, 0, 1;
    %split/vec4 1;
    %store/vec4 v000001ae4c584150_0, 0, 1;
    %store/vec4 v000001ae4c583c50_0, 0, 1;
    %jmp T_3.5;
T_3.0 ;
    %pushi/vec4 34, 0, 8;
    %split/vec4 2;
    %store/vec4 v000001ae4c583ed0_0, 0, 2;
    %split/vec4 1;
    %store/vec4 v000001ae4c583cf0_0, 0, 1;
    %split/vec4 1;
    %store/vec4 v000001ae4c5840b0_0, 0, 1;
    %split/vec4 1;
    %store/vec4 v000001ae4c583d90_0, 0, 1;
    %split/vec4 1;
    %store/vec4 v000001ae4c584470_0, 0, 1;
    %split/vec4 1;
    %store/vec4 v000001ae4c584150_0, 0, 1;
    %store/vec4 v000001ae4c583c50_0, 0, 1;
    %jmp T_3.5;
T_3.1 ;
    %pushi/vec4 240, 0, 8;
    %split/vec4 2;
    %store/vec4 v000001ae4c583ed0_0, 0, 2;
    %split/vec4 1;
    %store/vec4 v000001ae4c583cf0_0, 0, 1;
    %split/vec4 1;
    %store/vec4 v000001ae4c5840b0_0, 0, 1;
    %split/vec4 1;
    %store/vec4 v000001ae4c583d90_0, 0, 1;
    %split/vec4 1;
    %store/vec4 v000001ae4c584470_0, 0, 1;
    %split/vec4 1;
    %store/vec4 v000001ae4c584150_0, 0, 1;
    %store/vec4 v000001ae4c583c50_0, 0, 1;
    %jmp T_3.5;
T_3.2 ;
    %pushi/vec4 136, 0, 8;
    %split/vec4 2;
    %store/vec4 v000001ae4c583ed0_0, 0, 2;
    %split/vec4 1;
    %store/vec4 v000001ae4c583cf0_0, 0, 1;
    %split/vec4 1;
    %store/vec4 v000001ae4c5840b0_0, 0, 1;
    %split/vec4 1;
    %store/vec4 v000001ae4c583d90_0, 0, 1;
    %split/vec4 1;
    %store/vec4 v000001ae4c584470_0, 0, 1;
    %split/vec4 1;
    %store/vec4 v000001ae4c584150_0, 0, 1;
    %store/vec4 v000001ae4c583c50_0, 0, 1;
    %jmp T_3.5;
T_3.3 ;
    %pushi/vec4 163, 0, 8;
    %split/vec4 2;
    %store/vec4 v000001ae4c583ed0_0, 0, 2;
    %split/vec4 1;
    %store/vec4 v000001ae4c583cf0_0, 0, 1;
    %split/vec4 1;
    %store/vec4 v000001ae4c5840b0_0, 0, 1;
    %split/vec4 1;
    %store/vec4 v000001ae4c583d90_0, 0, 1;
    %split/vec4 1;
    %store/vec4 v000001ae4c584470_0, 0, 1;
    %split/vec4 1;
    %store/vec4 v000001ae4c584150_0, 0, 1;
    %store/vec4 v000001ae4c583c50_0, 0, 1;
    %jmp T_3.5;
T_3.5 ;
    %pop/vec4 1;
    %jmp T_3;
    .thread T_3, $push;
    .scope S_000001ae4c509500;
T_4 ;
    %wait E_000001ae4c521a60;
    %load/vec4 v000001ae4c585da0_0;
    %flag_set/vec4 8;
    %jmp/0xz  T_4.0, 8;
    %pushi/vec4 0, 0, 32;
    %store/vec4 v000001ae4c5845b0_0, 0, 32;
T_4.2 ;
    %load/vec4 v000001ae4c5845b0_0;
    %cmpi/s 32, 0, 32;
    %jmp/0xz T_4.3, 5;
    %pushi/vec4 0, 0, 32;
    %ix/getv/s 3, v000001ae4c5845b0_0;
    %ix/load 4, 0, 0; Constant delay
    %assign/vec4/a/d v000001ae4c583430, 0, 4;
    %load/vec4 v000001ae4c5845b0_0;
    %addi 1, 0, 32;
    %store/vec4 v000001ae4c5845b0_0, 0, 32;
    %jmp T_4.2;
T_4.3 ;
    %pushi/vec4 10, 0, 32;
    %ix/load 3, 1, 0;
    %flag_set/imm 4, 0;
    %ix/load 4, 0, 0; Constant delay
    %assign/vec4/a/d v000001ae4c583430, 0, 4;
    %pushi/vec4 5, 0, 32;
    %ix/load 3, 2, 0;
    %flag_set/imm 4, 0;
    %ix/load 4, 0, 0; Constant delay
    %assign/vec4/a/d v000001ae4c583430, 0, 4;
    %jmp T_4.1;
T_4.0 ;
    %load/vec4 v000001ae4c586020_0;
    %flag_set/vec4 9;
    %flag_get/vec4 9;
    %jmp/0 T_4.6, 9;
    %load/vec4 v000001ae4c582e90_0;
    %pushi/vec4 0, 0, 5;
    %cmp/ne;
    %flag_get/vec4 4;
    %and;
T_4.6;
    %flag_set/vec4 8;
    %jmp/0xz  T_4.4, 8;
    %load/vec4 v000001ae4c585a80_0;
    %load/vec4 v000001ae4c582e90_0;
    %pad/u 7;
    %ix/vec4 3;
    %ix/load 4, 0, 0; Constant delay
    %assign/vec4/a/d v000001ae4c583430, 0, 4;
T_4.4 ;
T_4.1 ;
    %jmp T_4;
    .thread T_4;
    .scope S_000001ae4c510fb0;
T_5 ;
    %wait E_000001ae4c522520;
    %load/vec4 v000001ae4c583f70_0;
    %dup/vec4;
    %pushi/vec4 3, 0, 7;
    %cmp/u;
    %jmp/1 T_5.0, 6;
    %dup/vec4;
    %pushi/vec4 35, 0, 7;
    %cmp/u;
    %jmp/1 T_5.1, 6;
    %dup/vec4;
    %pushi/vec4 35, 0, 7;
    %cmp/u;
    %jmp/1 T_5.2, 6;
    %pushi/vec4 0, 0, 32;
    %store/vec4 v000001ae4c5841f0_0, 0, 32;
    %jmp T_5.4;
T_5.0 ;
    %load/vec4 v000001ae4c582b70_0;
    %parti/s 1, 31, 6;
    %replicate 20;
    %load/vec4 v000001ae4c582b70_0;
    %parti/s 12, 20, 6;
    %concat/vec4; draw_concat_vec4
    %store/vec4 v000001ae4c5841f0_0, 0, 32;
    %jmp T_5.4;
T_5.1 ;
    %load/vec4 v000001ae4c582b70_0;
    %parti/s 1, 31, 6;
    %replicate 20;
    %load/vec4 v000001ae4c582b70_0;
    %parti/s 7, 25, 6;
    %concat/vec4; draw_concat_vec4
    %load/vec4 v000001ae4c582b70_0;
    %parti/s 5, 7, 4;
    %concat/vec4; draw_concat_vec4
    %store/vec4 v000001ae4c5841f0_0, 0, 32;
    %jmp T_5.4;
T_5.2 ;
    %load/vec4 v000001ae4c582b70_0;
    %parti/s 1, 31, 6;
    %replicate 20;
    %load/vec4 v000001ae4c582b70_0;
    %parti/s 7, 25, 6;
    %concat/vec4; draw_concat_vec4
    %load/vec4 v000001ae4c582b70_0;
    %parti/s 5, 7, 4;
    %concat/vec4; draw_concat_vec4
    %store/vec4 v000001ae4c5841f0_0, 0, 32;
    %jmp T_5.4;
T_5.4 ;
    %pop/vec4 1;
    %jmp T_5;
    .thread T_5, $push;
    .scope S_000001ae4c4f6040;
T_6 ;
    %wait E_000001ae4c5220e0;
    %load/vec4 v000001ae4c583570_0;
    %load/vec4 v000001ae4c5839d0_0;
    %concat/vec4; draw_concat_vec4
    %load/vec4 v000001ae4c583750_0;
    %concat/vec4; draw_concat_vec4
    %dup/vec4;
    %pushi/vec4 0, 0, 6;
    %cmp/u;
    %jmp/1 T_6.0, 6;
    %dup/vec4;
    %pushi/vec4 16, 0, 6;
    %cmp/u;
    %jmp/1 T_6.1, 6;
    %dup/vec4;
    %pushi/vec4 32, 0, 6;
    %cmp/u;
    %jmp/1 T_6.2, 6;
    %dup/vec4;
    %pushi/vec4 40, 0, 6;
    %cmp/u;
    %jmp/1 T_6.3, 6;
    %dup/vec4;
    %pushi/vec4 39, 0, 6;
    %cmp/u;
    %jmp/1 T_6.4, 6;
    %dup/vec4;
    %pushi/vec4 38, 0, 6;
    %cmp/u;
    %jmp/1 T_6.5, 6;
    %dup/vec4;
    %pushi/vec4 48, 0, 6;
    %cmp/u;
    %jmp/1 T_6.6, 6;
    %pushi/vec4 0, 0, 4;
    %store/vec4 v000001ae4c583a70_0, 0, 4;
    %jmp T_6.8;
T_6.0 ;
    %pushi/vec4 2, 0, 4;
    %store/vec4 v000001ae4c583a70_0, 0, 4;
    %jmp T_6.8;
T_6.1 ;
    %pushi/vec4 6, 0, 4;
    %store/vec4 v000001ae4c583a70_0, 0, 4;
    %jmp T_6.8;
T_6.2 ;
    %pushi/vec4 2, 0, 4;
    %store/vec4 v000001ae4c583a70_0, 0, 4;
    %jmp T_6.8;
T_6.3 ;
    %pushi/vec4 6, 0, 4;
    %store/vec4 v000001ae4c583a70_0, 0, 4;
    %jmp T_6.8;
T_6.4 ;
    %pushi/vec4 0, 0, 4;
    %store/vec4 v000001ae4c583a70_0, 0, 4;
    %jmp T_6.8;
T_6.5 ;
    %pushi/vec4 1, 0, 4;
    %store/vec4 v000001ae4c583a70_0, 0, 4;
    %jmp T_6.8;
T_6.6 ;
    %pushi/vec4 2, 0, 4;
    %store/vec4 v000001ae4c583a70_0, 0, 4;
    %jmp T_6.8;
T_6.8 ;
    %pop/vec4 1;
    %jmp T_6;
    .thread T_6, $push;
    .scope S_000001ae4c4f7160;
T_7 ;
    %wait E_000001ae4c522c20;
    %load/vec4 v000001ae4c5836b0_0;
    %dup/vec4;
    %pushi/vec4 0, 0, 4;
    %cmp/u;
    %jmp/1 T_7.0, 6;
    %dup/vec4;
    %pushi/vec4 1, 0, 4;
    %cmp/u;
    %jmp/1 T_7.1, 6;
    %dup/vec4;
    %pushi/vec4 2, 0, 4;
    %cmp/u;
    %jmp/1 T_7.2, 6;
    %dup/vec4;
    %pushi/vec4 6, 0, 4;
    %cmp/u;
    %jmp/1 T_7.3, 6;
    %pushi/vec4 0, 0, 32;
    %store/vec4 v000001ae4c5834d0_0, 0, 32;
    %jmp T_7.5;
T_7.0 ;
    %load/vec4 v000001ae4c583930_0;
    %load/vec4 v000001ae4c5837f0_0;
    %and;
    %store/vec4 v000001ae4c5834d0_0, 0, 32;
    %jmp T_7.5;
T_7.1 ;
    %load/vec4 v000001ae4c583930_0;
    %load/vec4 v000001ae4c5837f0_0;
    %or;
    %store/vec4 v000001ae4c5834d0_0, 0, 32;
    %jmp T_7.5;
T_7.2 ;
    %load/vec4 v000001ae4c583930_0;
    %load/vec4 v000001ae4c5837f0_0;
    %add;
    %store/vec4 v000001ae4c5834d0_0, 0, 32;
    %jmp T_7.5;
T_7.3 ;
    %load/vec4 v000001ae4c583930_0;
    %load/vec4 v000001ae4c5837f0_0;
    %sub;
    %store/vec4 v000001ae4c5834d0_0, 0, 32;
    %jmp T_7.5;
T_7.5 ;
    %pop/vec4 1;
    %load/vec4 v000001ae4c5834d0_0;
    %pushi/vec4 0, 0, 32;
    %cmp/e;
    %flag_get/vec4 4;
    %store/vec4 v000001ae4c582c10_0, 0, 1;
    %jmp T_7;
    .thread T_7, $push;
    .scope S_000001ae4c513230;
T_8 ;
    %delay 5000, 0;
    %load/vec4 v000001ae4c5853a0_0;
    %inv;
    %store/vec4 v000001ae4c5853a0_0, 0, 1;
    %jmp T_8;
    .thread T_8;
    .scope S_000001ae4c513230;
T_9 ;
    %vpi_call 3 18 "$dumpfile", "wave.vcd" {0 0 0};
    %vpi_call 3 19 "$dumpvars", 32'sb00000000000000000000000000000000, S_000001ae4c513230 {0 0 0};
    %pushi/vec4 0, 0, 1;
    %store/vec4 v000001ae4c5853a0_0, 0, 1;
    %pushi/vec4 1, 0, 1;
    %store/vec4 v000001ae4c584f40_0, 0, 1;
    %delay 10000, 0;
    %pushi/vec4 0, 0, 1;
    %store/vec4 v000001ae4c584f40_0, 0, 1;
    %delay 200000, 0;
    %vpi_call 3 29 "$finish" {0 0 0};
    %end;
    .thread T_9;
# The file index is used to find the file name in the following table.
:file_names 4;
    "N/A";
    "<interactive>";
    "top_module.v";
    "tb_top.v";
